../Core/Src/ads8688.c:44:19:ADS8688_Init	24	static
../Core/Src/ads8688.c:114:19:ADS8688_DeInit	24	static
../Core/Src/ads8688.c:139:19:ADS8688_Reset	24	static
../Core/Src/ads8688.c:170:6:ADS8688_IsConnected	24	static
../Core/Src/ads8688.c:193:19:ADS8688_WriteRegister	24	static
../Core/Src/ads8688.c:220:19:ADS8688_ReadRegister	32	static
../Core/Src/ads8688.c:254:19:ADS8688_SetChannelRange	24	static
../Core/Src/ads8688.c:276:19:ADS8688_GetChannelRange	32	static
../Core/Src/ads8688.c:305:19:ADS8688_EnableChannel	24	static
../Core/Src/ads8688.c:338:19:ADS8688_PowerDownChannel	24	static
../Core/Src/ads8688.c:370:19:ADS8688_SetMode	24	static
../Core/Src/ads8688.c:403:19:ADS8688_SetSDOFormat	24	static
../Core/Src/ads8688.c:434:19:ADS8688_ReadData	24	static
../Core/Src/ads8688.c:466:19:ADS8688_ReadChannel	32	static
../Core/Src/ads8688.c:501:19:ADS8688_ReadChannelVoltage	32	static
../Core/Src/ads8688.c:535:19:ADS8688_StartAutoScan	24	static
../Core/Src/ads8688.c:559:19:ADS8688_ReadAutoScanData	24	static
../Core/Src/ads8688.c:590:7:ADS8688_ConvertToVoltage	24	static
../Core/Src/ads8688.c:629:10:ADS8688_GetManualChannelCommand	16	static
../Core/Src/ads8688.c:663:26:ADS8688_SendCommand	24	static
../Core/Src/ads8688.c:683:26:ADS8688_TransmitReceive	40	static
../Core/Src/ads8688.c:703:13:ADS8688_SetCS	16	static
../Core/Src/ads8688.c:712:13:ADS8688_SetRST	16	static
../Core/Src/ads8688.c:721:13:ADS8688_Delay	16	static
../Core/Src/ads8688.c:732:19:ADS8688_ReadAllChannelsRaw	24	static
